Microchip MPLAB XC8 Compiler V1.41 ()

Linker command line:

--edf=/Applications/microchip/xc8/v1.41/dat/en_msgs.txt -cs \
  -h+dist/default/production/PWM.X_2.production.sym \
  --cmf=dist/default/production/PWM.X_2.production.cmf -z -Q12F1571 \
  -o/tmp/xcGrOraAu -Mdist/default/production/PWM.X_2.production.map -E1 \
  -ver=XC8 -ASTACK=02032h-0206fh -pstack=STACK -ACODE=00h-03FFh \
  -ASTRCODE=00h-03FFh -ASTRING=00h-0FFhx4 -ACONST=00h-0FFhx4 \
  -AENTRY=00h-0FFhx4 -ACOMMON=070h-07Fh -ABANK0=020h-06Fh -ABANK1=0A0h-0BFh \
  -ABIGRAM=02000h-0206Fh -ARAM=020h-06Fh,0A0h-0BFh \
  -AABS1=020h-07Fh,0A0h-0BFh -ASFR0=00h-01Fh -ASFR1=080h-09Fh \
  -ASFR2=0100h-016Fh -ASFR3=0180h-01EFh -ASFR4=0200h-026Fh \
  -ASFR5=0280h-02EFh -ASFR6=0300h-036Fh -ASFR7=0380h-03EFh \
  -ASFR8=0400h-046Fh -ASFR9=0480h-04EFh -ASFR10=0500h-056Fh \
  -ASFR11=0580h-05EFh -ASFR12=0600h-066Fh -ASFR13=0680h-06EFh \
  -ASFR14=0700h-076Fh -ASFR15=0780h-07EFh -ASFR16=0800h-086Fh \
  -ASFR17=0880h-08EFh -ASFR18=0900h-096Fh -ASFR19=0980h-09EFh \
  -ASFR20=0A00h-0A6Fh -ASFR21=0A80h-0AEFh -ASFR22=0B00h-0B6Fh \
  -ASFR23=0B80h-0BEFh -ASFR24=0C00h-0C6Fh -ASFR25=0C80h-0CEFh \
  -ASFR26=0D00h-0D6Fh -ASFR27=0D80h-0DEFh -ASFR28=0E00h-0E6Fh \
  -ASFR29=0E80h-0EEFh -ASFR30=0F00h-0F6Fh -ASFR31=0F80h-0FEFh \
  -preset_vec=00h,intentry=04h,init,end_init -ppowerup=CODE -pcinit=CODE \
  -pfunctab=CODE -ACONFIG=08007h-08008h -pconfig=CONFIG -DCONFIG=2 \
  -AIDLOC=08000h-08003h -pidloc=IDLOC -DIDLOC=2 -DCODE=2 -DSTRCODE=2 \
  -DSTRING=2 -DCONST=2 -DENTRY=2 -k /tmp/xcqN2slKv.obj \
  dist/default/production/PWM.X_2.production.obj 

Object code version is 3.11

Machine type is 12F1571



                Name                               Link     Load   Length Selector   Space Scale
/tmp/xcqN2slKv.obj
                end_init                             15       15        1        8       0
                reset_vec                             0        0        1        0       0
                config                             8007     8007        2    1000E       0
dist/default/production/PWM.X_2.production.obj
                cinit                                16       16        B        8       0
                intentry                              4        4       11        8       0
                text11                               90       90       56        8       0
                text10                               E6       E6       4A        8       0
                text8                               19E      19E        6        8       0
                text7                               189      189        F        8       0
                text6                               1AD      1AD        3      352       0
                text5                               178      178       11        8       0
                text4                               1A9      1A9        4      352       0
                text3                                21       21       6F        8       0
                text2                               164      164       14        8       0
                text1                               130      130       1E        8       0
                maintext                            14E      14E       16        8       0
                cstackBANK0                          3B       3B       16       20       1
                cstackCOMMON                         70       70        C       70       1
                clrtext                             198      198        6        8       0
                dataBANK0                            51       51        1       20       1
                bssBANK0                             20       20       1B       20       1
                nvCOMMON                             7C       7C        2       70       1
                stringtext                          1A4      1A4        5      348       0
                idataBANK0                          1B0      1B0        1      352       0

TOTAL           Name                               Link     Load   Length     Space
        CLASS   STACK          

        CLASS   CODE           
                end_init                             15       15        1         0
                cinit                                16       16        B         0
                intentry                              4        4       11         0
                reset_vec                             0        0        1         0
                text11                               90       90       56         0
                text10                               E6       E6       4A         0
                text8                               19E      19E        6         0
                text7                               189      189        F         0
                text6                               1AD      1AD        3         0
                text5                               178      178       11         0
                text4                               1A9      1A9        4         0
                text3                                21       21       6F         0
                text2                               164      164       14         0
                text1                               130      130       1E         0
                maintext                            14E      14E       16         0
                clrtext                             198      198        6         0
                idataBANK0                          1B0      1B0        1         0

        CLASS   STRCODE        
                stringtext                          1A4      1A4        5         0

        CLASS   STRING         

        CLASS   CONST          

        CLASS   ENTRY          

        CLASS   COMMON         
                cstackCOMMON                         70       70        C         1
                nvCOMMON                             7C       7C        2         1

        CLASS   BANK0          
                cstackBANK0                          3B       3B       16         1
                dataBANK0                            51       51        1         1
                bssBANK0                             20       20       1B         1

        CLASS   BANK1          

        CLASS   BIGRAM         

        CLASS   RAM            

        CLASS   ABS1           
                abs_s1                               7E       7E        2         1

        CLASS   SFR0           

        CLASS   SFR1           

        CLASS   SFR2           

        CLASS   SFR3           

        CLASS   SFR4           

        CLASS   SFR5           

        CLASS   SFR6           

        CLASS   SFR7           

        CLASS   SFR8           

        CLASS   SFR9           

        CLASS   SFR10          

        CLASS   SFR11          

        CLASS   SFR12          

        CLASS   SFR13          

        CLASS   SFR14          

        CLASS   SFR15          

        CLASS   SFR16          

        CLASS   SFR17          

        CLASS   SFR18          

        CLASS   SFR19          

        CLASS   SFR20          

        CLASS   SFR21          

        CLASS   SFR22          

        CLASS   SFR23          

        CLASS   SFR24          

        CLASS   SFR25          

        CLASS   SFR26          

        CLASS   SFR27          

        CLASS   SFR28          

        CLASS   SFR29          

        CLASS   SFR30          

        CLASS   SFR31          

        CLASS   CONFIG         
                config                             8007     8007        2         0

        CLASS   IDLOC          

        CLASS   BANK31         

        CLASS   BANK30         

        CLASS   BANK29         

        CLASS   BANK28         

        CLASS   BANK27         

        CLASS   BANK26         

        CLASS   BANK25         

        CLASS   BANK24         

        CLASS   BANK23         

        CLASS   BANK22         

        CLASS   BANK21         

        CLASS   BANK20         

        CLASS   BANK19         

        CLASS   BANK18         

        CLASS   BANK17         

        CLASS   BANK16         

        CLASS   BANK15         

        CLASS   BANK14         

        CLASS   BANK13         

        CLASS   BANK12         

        CLASS   BANK11         

        CLASS   BANK10         

        CLASS   BANK9          

        CLASS   BANK8          

        CLASS   BANK7          

        CLASS   BANK6          

        CLASS   BANK5          

        CLASS   BANK4          

        CLASS   BANK3          

        CLASS   BANK2          

        CLASS   EEDATA         



SEGMENTS        Name                           Load    Length   Top    Selector   Space  Class     Delta

                reset_vec                      000000  000001  000001         0       0  CODE        2
                intentry                       000004  0001A0  0001A4         8       0  CODE        2
                bssBANK0                       000020  000032  000052        20       1  BANK0       1
                cstackCOMMON                   000070  00000E  00007E        70       1  COMMON      1
                stringtext                     0001A4  000005  0001A9       348       0  STRCODE     2
                text4                          0001A9  000008  0001B1       352       0  CODE        2
                config                         008007  000002  008009     1000E       0  CONFIG      2


UNUSED ADDRESS RANGES

        Name                Unused          Largest block    Delta
        BANK0            00052-0006F              1E           1
        BANK1            000A0-000BF              20           1
        BIGRAM           02000-0206F              70           1
        CODE             00001-00003               3           2
                         001B1-003FF             24F
        CONST            00001-00003               3           2
                         001B1-003FF             100
        ENTRY            00001-00003               3           2
                         001B1-003FF             100
        IDLOC            08000-08003               4           2
        RAM              00052-0006F              1E           1
                         000A0-000BF              20
        SFR0             00000-0001F              20           1
        SFR1             00080-0009F              20           1
        SFR10            00500-0056F              70           1
        SFR11            00580-005EF              70           1
        SFR12            00600-0066F              70           1
        SFR13            00680-006EF              70           1
        SFR14            00700-0076F              70           1
        SFR15            00780-007EF              70           1
        SFR16            00800-0086F              70           1
        SFR17            00880-008EF              70           1
        SFR18            00900-0096F              70           1
        SFR19            00980-009EF              70           1
        SFR2             00100-0016F              70           1
        SFR20            00A00-00A6F              70           1
        SFR21            00A80-00AEF              70           1
        SFR22            00B00-00B6F              70           1
        SFR23            00B80-00BEF              70           1
        SFR24            00C00-00C6F              70           1
        SFR25            00C80-00CEF              70           1
        SFR26            00D00-00D6F              70           1
        SFR27            00D80-00DEF              70           1
        SFR28            00E00-00E6F              70           1
        SFR29            00E80-00EEF              70           1
        SFR3             00180-001EF              70           1
        SFR30            00F00-00F6F              70           1
        SFR31            00F80-00FEF              70           1
        SFR4             00200-0026F              70           1
        SFR5             00280-002EF              70           1
        SFR6             00300-0036F              70           1
        SFR7             00380-003EF              70           1
        SFR8             00400-0046F              70           1
        SFR9             00480-004EF              70           1
        STACK            02032-0206F              3E           1
        STRCODE          00001-00003               3           2
                         001B1-003FF             24F
        STRING           00001-00003               3           2
                         001B1-003FF             100

                                  Symbol Table

FF_Read@in                           cstackCOMMON 00074
FF_Read@out                          cstackCOMMON 00076
FF_Read@x                            cstackCOMMON 00078
FF_Write@in                          cstackBANK0  0003F
FF_Write@out                         cstackBANK0  00041
FF_Write@x                           cstackBANK0  00043
TMR1_ISR@x                           cstackCOMMON 0007A
_ANSELA                              (abs)        0018C
_APFCON                              (abs)        0011D
_FF_Read                             text11       00090
_FF_Write                            text3        00021
_FIFO                                bssBANK0     00020
_INTCONbits                          (abs)        0000B
_INTERRUPT_InterruptManager          intentry     00004
_LATA                                (abs)        0010C
_OPTION_REGbits                      (abs)        00095
_OSCCON                              (abs)        00099
_OSCILLATOR_Initialize               text8        0019E
_OSCSTAT                             (abs)        0009A
_OSCTUNE                             (abs)        00098
_PIE1bits                            (abs)        00091
_PIN_MANAGER_Initialize              text7        00189
_PIR1bits                            (abs)        00011
_PORTAbits                           (abs)        0000C
_SYSTEM_Initialize                   text4        001A9
_T1CON                               (abs)        00018
_T1CONbits                           (abs)        00018
_T1GCON                              (abs)        00019
_T1GCONbits                          (abs)        00019
_TMR1H                               (abs)        00017
_TMR1L                               (abs)        00016
_TMR1_ISR                            text10       000E6
_TMR1_Initialize                     text5        00178
_TMR1_StartTimer                     text6        001AD
_TRISA                               (abs)        0008C
_WPUA                                (abs)        0020C
__CFG_BOREN$ON                       (abs)        00000
__CFG_BORV$LO                        (abs)        00000
__CFG_CLKOUTEN$OFF                   (abs)        00000
__CFG_CP$OFF                         (abs)        00000
__CFG_FOSC$INTOSC                    (abs)        00000
__CFG_LPBOREN$OFF                    (abs)        00000
__CFG_LVP$OFF                        (abs)        00000
__CFG_MCLRE$ON                       (abs)        00000
__CFG_PLLEN$ON                       (abs)        00000
__CFG_PWRTE$OFF                      (abs)        00000
__CFG_STVREN$ON                      (abs)        00000
__CFG_WDTE$OFF                       (abs)        00000
__CFG_WRT$OFF                        (abs)        00000
__Habs1                              abs1         00000
__Hbank0                             bank0        00000
__Hbank1                             bank1        00000
__Hbank10                            bank10       00000
__Hbank11                            bank11       00000
__Hbank12                            bank12       00000
__Hbank13                            bank13       00000
__Hbank14                            bank14       00000
__Hbank15                            bank15       00000
__Hbank16                            bank16       00000
__Hbank17                            bank17       00000
__Hbank18                            bank18       00000
__Hbank19                            bank19       00000
__Hbank2                             bank2        00000
__Hbank20                            bank20       00000
__Hbank21                            bank21       00000
__Hbank22                            bank22       00000
__Hbank23                            bank23       00000
__Hbank24                            bank24       00000
__Hbank25                            bank25       00000
__Hbank26                            bank26       00000
__Hbank27                            bank27       00000
__Hbank28                            bank28       00000
__Hbank29                            bank29       00000
__Hbank3                             bank3        00000
__Hbank30                            bank30       00000
__Hbank31                            bank31       00000
__Hbank4                             bank4        00000
__Hbank5                             bank5        00000
__Hbank6                             bank6        00000
__Hbank7                             bank7        00000
__Hbank8                             bank8        00000
__Hbank9                             bank9        00000
__Hbigram                            bigram       00000
__HbssBANK0                          bssBANK0     00000
__Hcinit                             cinit        00021
__Hclrtext                           clrtext      00000
__Hcode                              code         00000
__Hcommon                            common       00000
__Hconfig                            config       08009
__HcstackBANK0                       cstackBANK0  00000
__HcstackCOMMON                      cstackCOMMON 00000
__HdataBANK0                         dataBANK0    00000
__Heeprom_data                       eeprom_data  00000
__Hend_init                          end_init     00016
__Hfunctab                           functab      00000
__HidataBANK0                        idataBANK0   00000
__Hidloc                             idloc        00000
__Hinit                              init         00015
__Hintentry                          intentry     00015
__Hmaintext                          maintext     00000
__HnvCOMMON                          nvCOMMON     00000
__Hpowerup                           powerup      00000
__Hram                               ram          00000
__Hreset_vec                         reset_vec    00001
__Hsfr0                              sfr0         00000
__Hsfr1                              sfr1         00000
__Hsfr10                             sfr10        00000
__Hsfr11                             sfr11        00000
__Hsfr12                             sfr12        00000
__Hsfr13                             sfr13        00000
__Hsfr14                             sfr14        00000
__Hsfr15                             sfr15        00000
__Hsfr16                             sfr16        00000
__Hsfr17                             sfr17        00000
__Hsfr18                             sfr18        00000
__Hsfr19                             sfr19        00000
__Hsfr2                              sfr2         00000
__Hsfr20                             sfr20        00000
__Hsfr21                             sfr21        00000
__Hsfr22                             sfr22        00000
__Hsfr23                             sfr23        00000
__Hsfr24                             sfr24        00000
__Hsfr25                             sfr25        00000
__Hsfr26                             sfr26        00000
__Hsfr27                             sfr27        00000
__Hsfr28                             sfr28        00000
__Hsfr29                             sfr29        00000
__Hsfr3                              sfr3         00000
__Hsfr30                             sfr30        00000
__Hsfr31                             sfr31        00000
__Hsfr4                              sfr4         00000
__Hsfr5                              sfr5         00000
__Hsfr6                              sfr6         00000
__Hsfr7                              sfr7         00000
__Hsfr8                              sfr8         00000
__Hsfr9                              sfr9         00000
__Hspace_0                           (abs)        08009
__Hspace_1                           (abs)        0007E
__Hspace_2                           (abs)        00000
__Hspace_3                           (abs)        00000
__Hstack                             stack        00000
__Hstrings                           strings      00000
__Hstringtext                        stringtext   00000
__Htext                              text         00000
__Labs1                              abs1         00000
__Lbank0                             bank0        00000
__Lbank1                             bank1        00000
__Lbank10                            bank10       00000
__Lbank11                            bank11       00000
__Lbank12                            bank12       00000
__Lbank13                            bank13       00000
__Lbank14                            bank14       00000
__Lbank15                            bank15       00000
__Lbank16                            bank16       00000
__Lbank17                            bank17       00000
__Lbank18                            bank18       00000
__Lbank19                            bank19       00000
__Lbank2                             bank2        00000
__Lbank20                            bank20       00000
__Lbank21                            bank21       00000
__Lbank22                            bank22       00000
__Lbank23                            bank23       00000
__Lbank24                            bank24       00000
__Lbank25                            bank25       00000
__Lbank26                            bank26       00000
__Lbank27                            bank27       00000
__Lbank28                            bank28       00000
__Lbank29                            bank29       00000
__Lbank3                             bank3        00000
__Lbank30                            bank30       00000
__Lbank31                            bank31       00000
__Lbank4                             bank4        00000
__Lbank5                             bank5        00000
__Lbank6                             bank6        00000
__Lbank7                             bank7        00000
__Lbank8                             bank8        00000
__Lbank9                             bank9        00000
__Lbigram                            bigram       00000
__LbssBANK0                          bssBANK0     00000
__Lcinit                             cinit        00016
__Lclrtext                           clrtext      00000
__Lcode                              code         00000
__Lcommon                            common       00000
__Lconfig                            config       08007
__LcstackBANK0                       cstackBANK0  00000
__LcstackCOMMON                      cstackCOMMON 00000
__LdataBANK0                         dataBANK0    00000
__Leeprom_data                       eeprom_data  00000
__Lend_init                          end_init     00015
__Lfunctab                           functab      00000
__LidataBANK0                        idataBANK0   00000
__Lidloc                             idloc        00000
__Linit                              init         00015
__Lintentry                          intentry     00004
__Lmaintext                          maintext     00000
__LnvCOMMON                          nvCOMMON     00000
__Lpowerup                           powerup      00000
__Lram                               ram          00000
__Lreset_vec                         reset_vec    00000
__Lsfr0                              sfr0         00000
__Lsfr1                              sfr1         00000
__Lsfr10                             sfr10        00000
__Lsfr11                             sfr11        00000
__Lsfr12                             sfr12        00000
__Lsfr13                             sfr13        00000
__Lsfr14                             sfr14        00000
__Lsfr15                             sfr15        00000
__Lsfr16                             sfr16        00000
__Lsfr17                             sfr17        00000
__Lsfr18                             sfr18        00000
__Lsfr19                             sfr19        00000
__Lsfr2                              sfr2         00000
__Lsfr20                             sfr20        00000
__Lsfr21                             sfr21        00000
__Lsfr22                             sfr22        00000
__Lsfr23                             sfr23        00000
__Lsfr24                             sfr24        00000
__Lsfr25                             sfr25        00000
__Lsfr26                             sfr26        00000
__Lsfr27                             sfr27        00000
__Lsfr28                             sfr28        00000
__Lsfr29                             sfr29        00000
__Lsfr3                              sfr3         00000
__Lsfr30                             sfr30        00000
__Lsfr31                             sfr31        00000
__Lsfr4                              sfr4         00000
__Lsfr5                              sfr5         00000
__Lsfr6                              sfr6         00000
__Lsfr7                              sfr7         00000
__Lsfr8                              sfr8         00000
__Lsfr9                              sfr9         00000
__Lspace_0                           (abs)        00000
__Lspace_1                           (abs)        00000
__Lspace_2                           (abs)        00000
__Lspace_3                           (abs)        00000
__Lstack                             stack        00000
__Lstrings                           strings      00000
__Lstringtext                        stringtext   00000
__Ltext                              text         00000
__S0                                 (abs)        08009
__S1                                 (abs)        0007E
__S2                                 (abs)        00000
___int_sp                            stack        00000
___latbits                           (abs)        00000
___sp                                stack        00000
__end_of_FF_Read                     text11       000E6
__end_of_FF_Write                    text3        00090
__end_of_INTERRUPT_InterruptManager  intentry     00015
__end_of_OSCILLATOR_Initialize       text8        001A4
__end_of_PIN_MANAGER_Initialize      text7        00198
__end_of_SYSTEM_Initialize           text4        001AD
__end_of_TMR1_ISR                    text10       00130
__end_of_TMR1_Initialize             text5        00189
__end_of_TMR1_StartTimer             text6        001B0
__end_of__initialization             cinit        0001E
__end_of_main                        maintext     00164
__end_of_sendChar                    text2        00178
__end_of_sendStr                     text1        0014E
__end_ofmain@text_str                stringtext   001A9
__initialization                     cinit        00016
__pbssBANK0                          bssBANK0     00020
__pcstackBANK0                       cstackBANK0  0003B
__pcstackCOMMON                      cstackCOMMON 00070
__pdataBANK0                         dataBANK0    00051
__pidataBANK0                        idataBANK0   001B0
__pintentry                          intentry     00004
__pmaintext                          maintext     0014E
__pnvCOMMON                          nvCOMMON     0007C
__pstringtext                        stringtext   001A4
__ptext1                             text1        00130
__ptext10                            text10       000E6
__ptext11                            text11       00090
__ptext2                             text2        00164
__ptext3                             text3        00021
__ptext4                             text4        001A9
__ptext5                             text5        00178
__ptext6                             text6        001AD
__ptext7                             text7        00189
__ptext8                             text8        0019E
__size_of_FF_Read                    (abs)        00000
__size_of_FF_Write                   (abs)        00000
__size_of_INTERRUPT_InterruptManager (abs)        00000
__size_of_OSCILLATOR_Initialize      (abs)        00000
__size_of_PIN_MANAGER_Initialize     (abs)        00000
__size_of_SYSTEM_Initialize          (abs)        00000
__size_of_TMR1_ISR                   (abs)        00000
__size_of_TMR1_Initialize            (abs)        00000
__size_of_TMR1_StartTimer            (abs)        00000
__size_of_main                       (abs)        00000
__size_of_sendChar                   (abs)        00000
__size_of_sendStr                    (abs)        00000
_bit_count                           bssBANK0     00039
_bit_wait                            bssBANK0     00038
_main                                maintext     0014E
_next_tick                           dataBANK0    00051
_sendChar                            text2        00164
_sendStr                             text1        00130
_tick                                bssBANK0     0003A
_timer1ReloadVal                     nvCOMMON     0007C
btemp                                (abs)        0007E
clear_ram0                           clrtext      00198
end_of_initialization                cinit        0001E
int$flags                            (abs)        0007E
intlevel0                            functab      00000
intlevel1                            functab      00000
intlevel2                            functab      00000
intlevel3                            functab      00000
intlevel4                            functab      00000
intlevel5                            functab      00000
main@text_str                        stringtext   001A4
main@text_str_len                    cstackBANK0  00050
reset_vec                            reset_vec    00000
sendChar@bitMask                     cstackBANK0  00046
sendChar@c                           cstackBANK0  00045
sendStr@len                          cstackBANK0  00049
sendStr@str                          cstackBANK0  00047
sendStr@x                            cstackBANK0  0004C
stackhi                              (abs)        0206F
stacklo                              (abs)        02032
start                                init         00015
start_initialization                 cinit        00016
wtemp0                               (abs)        0007E


FUNCTION INFORMATION:

 *************** function _main *****************
 Defined at:
		line 29 in file "main.c"
 Parameters:    Size  Location     Type
		None
 Auto vars:     Size  Location     Type
  text_str_len    1   21[BANK0 ] unsigned char 
 Return value:  Size  Location     Type
                  1    wreg      void 
 Registers used:
		wreg, fsr0l, fsr0h, fsr1l, fsr1h, status,2, status,0, pclath, cstack
 Tracked objects:
		On entry : 
		On exit  : 
		Unchanged: 
 Data sizes:     COMMON   BANK0   BANK1
      Params:         0       0       0
      Locals:         0       1       0
      Temps:          0       2       0
      Totals:         0       3       0
Total ram usage:        3 bytes
 Hardware stack levels required when called:    6
 This function calls:
		_SYSTEM_Initialize
		_sendStr
 This function is called by:
		Startup code after reset
 This function uses a non-reentrant model


 *************** function _sendStr *****************
 Defined at:
		line 21 in file "main.c"
 Parameters:    Size  Location     Type
  str             2   12[BANK0 ] PTR const unsigned char 
		 -> main@text_str(5), 
  len             2   14[BANK0 ] int 
 Auto vars:     Size  Location     Type
  x               2   17[BANK0 ] int 
 Return value:  Size  Location     Type
                  1    wreg      void 
 Registers used:
		wreg, fsr0l, fsr0h, fsr1l, fsr1h, status,2, status,0, pclath, cstack
 Tracked objects:
		On entry : 
		On exit  : 
		Unchanged: 
 Data sizes:     COMMON   BANK0   BANK1
      Params:         0       4       0
      Locals:         0       2       0
      Temps:          0       1       0
      Totals:         0       7       0
Total ram usage:        7 bytes
 Hardware stack levels used:    1
 Hardware stack levels required when called:    5
 This function calls:
		_sendChar
 This function is called by:
		_main
 This function uses a non-reentrant model


 *************** function _sendChar *****************
 Defined at:
		line 4 in file "main.c"
 Parameters:    Size  Location     Type
  c               1    wreg     const unsigned char 
 Auto vars:     Size  Location     Type
  c               1   10[BANK0 ] const unsigned char 
  bitMask         1   11[BANK0 ] unsigned char 
 Return value:  Size  Location     Type
                  1    wreg      void 
 Registers used:
		wreg, fsr1l, fsr1h, status,2, status,0, pclath, cstack
 Tracked objects:
		On entry : 
		On exit  : 
		Unchanged: 
 Data sizes:     COMMON   BANK0   BANK1
      Params:         0       0       0
      Locals:         0       2       0
      Temps:          0       1       0
      Totals:         0       3       0
Total ram usage:        3 bytes
 Hardware stack levels used:    1
 Hardware stack levels required when called:    4
 This function calls:
		_FF_Write
 This function is called by:
		_sendStr
 This function uses a non-reentrant model


 *************** function _FF_Write *****************
 Defined at:
		line 24 in file "pulse.c"
 Parameters:    Size  Location     Type
  x               1    wreg     enum E1
 Auto vars:     Size  Location     Type
  x               1    8[BANK0 ] enum E1
  out             2    6[BANK0 ] unsigned int 
  in              2    4[BANK0 ] unsigned int 
 Return value:  Size  Location     Type
                  1    wreg      enum E3423
 Registers used:
		wreg, fsr1l, fsr1h, status,2, status,0
 Tracked objects:
		On entry : 
		On exit  : 
		Unchanged: 
 Data sizes:     COMMON   BANK0   BANK1
      Params:         0       0       0
      Locals:         0       5       0
      Temps:          0       4       0
      Totals:         0       9       0
Total ram usage:        9 bytes
 Hardware stack levels used:    1
 Hardware stack levels required when called:    3
 This function calls:
		Nothing
 This function is called by:
		_sendChar
 This function uses a non-reentrant model


 *************** function _SYSTEM_Initialize *****************
 Defined at:
		line 68 in file "mcc_generated_files/mcc.c"
 Parameters:    Size  Location     Type
		None
 Auto vars:     Size  Location     Type
		None
 Return value:  Size  Location     Type
                  1    wreg      void 
 Registers used:
		wreg, status,2, status,0, pclath, cstack
 Tracked objects:
		On entry : 
		On exit  : 
		Unchanged: 
 Data sizes:     COMMON   BANK0   BANK1
      Params:         0       0       0
      Locals:         0       0       0
      Temps:          0       0       0
      Totals:         0       0       0
Total ram usage:        0 bytes
 Hardware stack levels used:    1
 Hardware stack levels required when called:    5
 This function calls:
		_OSCILLATOR_Initialize
		_PIN_MANAGER_Initialize
		_TMR1_Initialize
 This function is called by:
		_main
 This function uses a non-reentrant model


 *************** function _TMR1_Initialize *****************
 Defined at:
		line 71 in file "mcc_generated_files/tmr1.c"
 Parameters:    Size  Location     Type
		None
 Auto vars:     Size  Location     Type
		None
 Return value:  Size  Location     Type
                  1    wreg      void 
 Registers used:
		wreg, status,2, status,0, pclath, cstack
 Tracked objects:
		On entry : 
		On exit  : 
		Unchanged: 
 Data sizes:     COMMON   BANK0   BANK1
      Params:         0       0       0
      Locals:         0       0       0
      Temps:          0       0       0
      Totals:         0       0       0
Total ram usage:        0 bytes
 Hardware stack levels used:    1
 Hardware stack levels required when called:    4
 This function calls:
		_TMR1_StartTimer
 This function is called by:
		_SYSTEM_Initialize
 This function uses a non-reentrant model


 *************** function _TMR1_StartTimer *****************
 Defined at:
		line 99 in file "mcc_generated_files/tmr1.c"
 Parameters:    Size  Location     Type
		None
 Auto vars:     Size  Location     Type
		None
 Return value:  Size  Location     Type
                  1    wreg      void 
 Registers used:
		None
 Tracked objects:
		On entry : 
		On exit  : 
		Unchanged: 
 Data sizes:     COMMON   BANK0   BANK1
      Params:         0       0       0
      Locals:         0       0       0
      Temps:          0       0       0
      Totals:         0       0       0
Total ram usage:        0 bytes
 Hardware stack levels used:    1
 Hardware stack levels required when called:    3
 This function calls:
		Nothing
 This function is called by:
		_TMR1_Initialize
 This function uses a non-reentrant model


 *************** function _PIN_MANAGER_Initialize *****************
 Defined at:
		line 50 in file "mcc_generated_files/pin_manager.c"
 Parameters:    Size  Location     Type
		None
 Auto vars:     Size  Location     Type
		None
 Return value:  Size  Location     Type
                  1    wreg      void 
 Registers used:
		wreg, status,2
 Tracked objects:
		On entry : 
		On exit  : 
		Unchanged: 
 Data sizes:     COMMON   BANK0   BANK1
      Params:         0       0       0
      Locals:         0       0       0
      Temps:          0       0       0
      Totals:         0       0       0
Total ram usage:        0 bytes
 Hardware stack levels used:    1
 Hardware stack levels required when called:    3
 This function calls:
		Nothing
 This function is called by:
		_SYSTEM_Initialize
 This function uses a non-reentrant model


 *************** function _OSCILLATOR_Initialize *****************
 Defined at:
		line 74 in file "mcc_generated_files/mcc.c"
 Parameters:    Size  Location     Type
		None
 Auto vars:     Size  Location     Type
		None
 Return value:  Size  Location     Type
                  1    wreg      void 
 Registers used:
		wreg, status,2
 Tracked objects:
		On entry : 
		On exit  : 
		Unchanged: 
 Data sizes:     COMMON   BANK0   BANK1
      Params:         0       0       0
      Locals:         0       0       0
      Temps:          0       0       0
      Totals:         0       0       0
Total ram usage:        0 bytes
 Hardware stack levels used:    1
 Hardware stack levels required when called:    3
 This function calls:
		Nothing
 This function is called by:
		_SYSTEM_Initialize
 This function uses a non-reentrant model


 *************** function _INTERRUPT_InterruptManager *****************
 Defined at:
		line 52 in file "mcc_generated_files/interrupt_manager.c"
 Parameters:    Size  Location     Type
		None
 Auto vars:     Size  Location     Type
		None
 Return value:  Size  Location     Type
                  1    wreg      void 
 Registers used:
		wreg, fsr1l, fsr1h, status,2, status,0, pclath, cstack
 Tracked objects:
		On entry : 
		On exit  : 
		Unchanged: 
 Data sizes:     COMMON   BANK0   BANK1
      Params:         0       0       0
      Locals:         0       0       0
      Temps:          1       0       0
      Totals:         1       0       0
Total ram usage:        1 bytes
 Hardware stack levels used:    1
 Hardware stack levels required when called:    2
 This function calls:
		_TMR1_ISR
 This function is called by:
		Interrupt level 1
 This function uses a non-reentrant model


 *************** function _TMR1_ISR *****************
 Defined at:
		line 149 in file "mcc_generated_files/tmr1.c"
 Parameters:    Size  Location     Type
		None
 Auto vars:     Size  Location     Type
  x               1   10[COMMON] enum E3408
 Return value:  Size  Location     Type
                  1    wreg      void 
 Registers used:
		wreg, fsr1l, fsr1h, status,2, status,0, pclath, cstack
 Tracked objects:
		On entry : 
		On exit  : 
		Unchanged: 
 Data sizes:     COMMON   BANK0   BANK1
      Params:         0       0       0
      Locals:         1       0       0
      Temps:          1       0       0
      Totals:         2       0       0
Total ram usage:        2 bytes
 Hardware stack levels used:    1
 Hardware stack levels required when called:    1
 This function calls:
		_FF_Read
 This function is called by:
		_INTERRUPT_InterruptManager
 This function uses a non-reentrant model


 *************** function _FF_Read *****************
 Defined at:
		line 61 in file "pulse.c"
 Parameters:    Size  Location     Type
  x               1    wreg     PTR enum E1
		 -> TMR1_ISR@x(1), 
 Auto vars:     Size  Location     Type
  x               1    8[COMMON] PTR enum E1
		 -> TMR1_ISR@x(1), 
  out             2    6[COMMON] unsigned int 
  in              2    4[COMMON] unsigned int 
 Return value:  Size  Location     Type
                  1    wreg      enum E3412
 Registers used:
		wreg, fsr1l, fsr1h, status,2, status,0
 Tracked objects:
		On entry : 
		On exit  : 
		Unchanged: 
 Data sizes:     COMMON   BANK0   BANK1
      Params:         0       0       0
      Locals:         5       0       0
      Temps:          4       0       0
      Totals:         9       0       0
Total ram usage:        9 bytes
 Hardware stack levels used:    1
 This function calls:
		Nothing
 This function is called by:
		_TMR1_ISR
 This function uses a non-reentrant model



MODULE INFORMATION

Module		Function		Class		Link	Load	Size
mcc_generated_files/interrupt_manager.c
		_INTERRUPT_InterruptManager		CODE           	0004	0000	18

mcc_generated_files/interrupt_manager.c estimated size: 18

pulse.c
		_FF_Write      		CODE           	0021	0000	112
		_FF_Read       		CODE           	0090	0000	87

pulse.c estimated size: 199

mcc_generated_files/pin_manager.c
		_PIN_MANAGER_Initialize		CODE           	0189	0000	16

mcc_generated_files/pin_manager.c estimated size: 16

shared
		main@text_str  		STRCODE        	01A4	0000	6
		__initialization		CODE           	0016	0000	9

shared estimated size: 15

mcc_generated_files/mcc.c
		_OSCILLATOR_Initialize		CODE           	019E	0000	7
		_SYSTEM_Initialize		CODE           	01A9	0000	5

mcc_generated_files/mcc.c estimated size: 12

mcc_generated_files/tmr1.c
		_TMR1_Initialize		CODE           	0178	0000	18
		_TMR1_StartTimer		CODE           	01AD	0000	4
		_TMR1_ISR      		CODE           	00E6	0000	75

mcc_generated_files/tmr1.c estimated size: 97

main.c
		_main          		CODE           	014E	0000	23
		_sendStr       		CODE           	0130	0000	31
		_sendChar      		CODE           	0164	0000	21

main.c estimated size: 75

